../Core/Src/main.c:59:5:uart2_write	16	static
../Core/Src/main.c:69:5:__io_putchar	16	static
../Core/Src/main.c:123:5:main	8	static
../Core/Src/main.c:260:6:SystemClock_Config	88	static
../Core/Src/main.c:308:13:MX_ADC1_Init	24	static
../Core/Src/main.c:360:13:MX_I2C1_Init	8	static
../Core/Src/main.c:394:13:MX_USART2_UART_Init	8	static
../Core/Src/main.c:427:13:MX_GPIO_Init	24	static
../Core/Src/main.c:453:6:StartTask2	32	static
../Core/Src/main.c:516:6:StartTask03	16	static
../Core/Src/main.c:557:6:Error_Handler	4	static,ignoring_inline_asm
